// Jest Snapshot v1, https://goo.gl/fbAQLP

exports[`getSolidaritySettings exists 1`] = `[Function]`;
